// Jest Snapshot v1, https://goo.gl/fbAQLP

exports[`ToggleButton should render correctly 1`] = `
<label
  className="container"
>
  <input
    checked={true}
    onChange={[MockFunction]}
    type="checkbox"
  />
  <div
    className="toggle"
  >
    <span
      className="sizeS weightNormal textGray text"
    >
      a label
    </span>
  </div>
</label>
`;
