// Jest Snapshot v1, https://goo.gl/fbAQLP

exports[`Checkbox should render correctly 1`] = `
<label
  className="container"
>
  <input
    checked={false}
    disabled={false}
    onChange={[MockFunction]}
    type="checkbox"
    value="text shown as label"
  />
  <span
    className="checkmark"
  />
  <span
    className="sizeS weightNormal textGray"
  >
    text shown as label
  </span>
</label>
`;
