// Jest Snapshot v1, https://goo.gl/fbAQLP

exports[`AccordionCard has not changed the JSX layout of the page from previous snapshot 1`] = `
<div
  className="card"
>
  <div
    className="gridRow headSectionBottomBorder"
  >
    <div
      className="gridColumn size11"
    >
      <div>
        something
      </div>
    </div>
    <div
      className="gridColumn sizeAuto"
    >
      <button
        aria-controls="undefined-content"
        aria-expanded={false}
        className="button accordion"
        disabled={false}
        id="undefined-accordion"
        onClick={[Function]}
        type="button"
      >
        <span
          aria-hidden="true"
          className="fas fa-chevron-down iconSizeXL iconColorBlue buttonIcon icon"
        />
        <span
          className="visually-hidden"
        >
          undefined-accordion
        </span>
      </button>
    </div>
  </div>
  <div
    aria-labelledby="undefined-accordion"
    className="accordionContent"
    id="undefined-content"
    role="region"
    style={
      Object {
        "maxHeight": "0px",
      }
    }
  >
    <div>
      something
    </div>
  </div>
</div>
`;
