// Jest Snapshot v1, https://goo.gl/fbAQLP

exports[`IndexPage has not changed the JSX layout of the page from previous snapshot 1`] = `
<main>
  <div
    className="header"
  >
    <h1
      className="title title1 weightNormal"
    >
      Traveltek Cruise Search
    </h1>
  </div>
  <div
    className="mainContainer"
  >
    <form
      onSubmit={[Function]}
    >
      <div
        className="gridRow searchBar gridRowPadded"
      >
        <div
          className="gridColumn sizeAuto"
        />
        <div
          className="gridColumn size3 gridColumnPadded"
        >
          <div
            aria-expanded={false}
            aria-haspopup="listbox"
            aria-owns="react-autowhatever-1"
            role="combobox"
            style={Object {}}
          >
            <div
              className="container"
            >
              <label
                htmlFor="destination-auto-suggest-input"
              >
                <span
                  className="labelText"
                >
                  Destination
                </span>
                <div
                  className="iconAndInput"
                >
                  <span
                    className="icon"
                  >
                    <span
                      aria-hidden="true"
                      className="fas fa-search iconSizeL iconColorBlue"
                    />
                  </span>
                  <input
                    aria-activedescendant={null}
                    aria-autocomplete="list"
                    aria-controls="react-autowhatever-1"
                    autoComplete="off"
                    className="textInput"
                    id="destination-auto-suggest-input"
                    onBlur={[Function]}
                    onChange={[Function]}
                    onFocus={[Function]}
                    onKeyDown={[Function]}
                    placeholder="Any..."
                    style={Object {}}
                    type="text"
                    value=""
                  />
                </div>
              </label>
            </div>
            <div
              aria-hidden={true}
              id="react-autowhatever-1"
              style={Object {}}
            />
          </div>
        </div>
        <div
          className="gridColumn size3 gridColumnPadded"
        >
          <div
            className="react-datepicker-wrapper"
          >
            <div
              className="react-datepicker__input-container"
            >
              <div
                className="container"
              >
                <label
                  htmlFor="search-departure-date"
                >
                  <span
                    className="labelText"
                  >
                    Departure Date Range
                  </span>
                  <div
                    className="iconAndInput"
                  >
                    <span
                      className="icon"
                    >
                      <span
                        aria-hidden="true"
                        className="fas fa-calendar-day iconSizeL iconColorBlue"
                      />
                    </span>
                    <input
                      autoComplete="off"
                      className="textInput"
                      disabled={false}
                      id="search-departure-date"
                      onBlur={[Function]}
                      onChange={[Function]}
                      onClick={[Function]}
                      onFocus={[Function]}
                      onKeyDown={[Function]}
                      placeholder="Any"
                      readOnly={false}
                      type="text"
                      value=""
                    />
                  </div>
                </label>
              </div>
            </div>
          </div>
        </div>
        <div
          className="gridColumn size3 gridColumnPadded"
        >
          <div
            className="container"
          >
            <label
              htmlFor="search-duration"
            >
              <span
                className="labelText"
              >
                Select Duration
              </span>
              <div
                className="iconAndInput"
              >
                <div
                  aria-controls="search-duration"
                  aria-expanded={false}
                  aria-haspopup="listbox"
                  className="SelectWrapper-kcrmu9-0 dTbYzS rfs-select-container"
                  onKeyDown={[Function]}
                  role="combobox"
                >
                  <div
                    className="ControlWrapper-kcrmu9-2 gJDvMS rfs-control-container"
                    onMouseDown={[Function]}
                    onTouchEnd={[Function]}
                  >
                    <div
                      className="ValueWrapper-kcrmu9-1 dhLphG"
                    >
                      <div
                        className="Placeholder-us7kwl-1 bvkXni"
                      >
                        Any
                      </div>
                      <input
                        aria-autocomplete="list"
                        autoCapitalize="none"
                        autoComplete="off"
                        autoCorrect="off"
                        className="Input-sc-4er7q8-1 ksOaCe rfs-autosize-input"
                        id="search-duration"
                        onBlur={[Function]}
                        onFocus={[Function]}
                        readOnly={true}
                        required={false}
                        spellCheck={false}
                        style={
                          Object {
                            "width": 2,
                          }
                        }
                        tabIndex={0}
                        type="text"
                        value=""
                      />
                      <div
                        className="SizerDiv-sc-4er7q8-0 gXyfYO"
                      >
                        
                      </div>
                    </div>
                    <div
                      className="IndicatorIconsWrapper-sc-1jozl2i-0 bjIdDB"
                    >
                      <div
                        className="Separator-sc-1jozl2i-2 jxcFlm"
                        role="none"
                      />
                      <div
                        className="IndicatorIcon-sc-1jozl2i-1 dCYoYI"
                      >
                        <span
                          aria-hidden="true"
                          className="fas fa-chevron-down iconSizeL iconColorBlue"
                        />
                      </div>
                    </div>
                  </div>
                  <div
                    className="MenuWrapper-sc-105ivps-0 fWmvZr rfs-menu-container"
                    onMouseDown={[Function]}
                  >
                    <div
                      onScroll={[Function]}
                      style={
                        Object {
                          "WebkitOverflowScrolling": "touch",
                          "direction": "ltr",
                          "height": 0,
                          "overflow": "auto",
                          "position": "relative",
                          "width": "100%",
                          "willChange": "transform",
                        }
                      }
                    >
                      <div
                        style={
                          Object {
                            "height": 0,
                            "pointerEvents": undefined,
                            "width": "100%",
                          }
                        }
                      />
                    </div>
                    <div
                      className="NoOptionsMsg-sc-1on2920-0 gbRWmX"
                    >
                      No options
                    </div>
                  </div>
                </div>
              </div>
            </label>
          </div>
        </div>
        <div
          className="gridColumn size2 gridColumnPadded"
        >
          <button
            className="button sizeS buttonFillSpace"
            type="submit"
          >
            Search
          </button>
        </div>
        <div
          className="gridColumn sizeAuto"
        />
      </div>
    </form>
    <div
      className="gridRow gridRowPadded"
    >
      <div
        className="gridColumn sizeAuto"
      />
      <div
        className="gridColumn size11 gridColumnPadded"
      >
        <div
          className="accordionSection"
        >
          <h2
            className="title title2 weightNormal"
          >
            <button
              aria-controls="advanced-search-content"
              aria-expanded={false}
              className="accordion"
              id="advanced-search-accordion"
              onClick={[Function]}
              type="button"
            >
              <span
                className="sizeM weightBold textGray"
              >
                Advanced Search
              </span>
              <span
                aria-hidden="true"
                className="fas fa-chevron-down iconSizeM iconColorGrey icon"
              />
            </button>
          </h2>
          <div
            aria-labelledby="advanced-search-accordion"
            className="accordionContent"
            id="advanced-search-content"
            role="region"
            style={
              Object {
                "maxHeight": "0px",
              }
            }
          >
            <div
              className="spacingDouble spacing"
            />
            <h3
              className="title title3 weightBold"
            >
              Preferences
            </h3>
            <div
              className="spacingSingle spacing"
            />
            <div
              className="container"
            >
              <label
                htmlFor="cruise-lines"
              >
                <span
                  className="labelText"
                >
                  Cruise Lines
                </span>
                <div
                  className="iconAndInput"
                >
                  <span
                    className="icon"
                  >
                    <span
                      aria-hidden="true"
                      className="fas fa-ship iconSizeL iconColorBlue"
                    />
                  </span>
                  <input
                    className="textInput"
                    id="cruise-lines"
                    name="supplier"
                    onChange={[Function]}
                    placeholder="Any"
                    type="text"
                  />
                </div>
              </label>
            </div>
            <div
              className="spacingDouble spacing"
            />
            <div
              className="container"
            >
              <label
                htmlFor="cruise-ships"
              >
                <span
                  className="labelText"
                >
                  Cruise Ships
                </span>
                <div
                  className="iconAndInput"
                >
                  <span
                    className="icon"
                  >
                    <span
                      aria-hidden="true"
                      className="fas fa-ship iconSizeL iconColorBlue"
                    />
                  </span>
                  <input
                    className="textInput"
                    id="cruise-ships"
                    name="ship"
                    onChange={[Function]}
                    placeholder="Any"
                    type="text"
                  />
                </div>
              </label>
            </div>
            <div
              className="spacingDouble spacing"
            />
            <div
              className="gridColumn size3"
            >
              <div
                className="container"
              >
                <label
                  htmlFor="voyage-code"
                >
                  <span
                    className="labelText"
                  >
                    Voyage Code
                  </span>
                  <div
                    className="iconAndInput"
                  >
                    <span
                      className="icon"
                    >
                      <span
                        aria-hidden="true"
                        className="fas fa-ship iconSizeL iconColorBlue"
                      />
                    </span>
                    <input
                      className="textInput"
                      id="voyage-code"
                      name="voyageCode"
                      onChange={[Function]}
                      placeholder="Any"
                      type="text"
                    />
                  </div>
                </label>
              </div>
            </div>
            <div
              className="spacingDouble spacing"
            />
            <h3
              className="title title3 weightBold"
            >
              Departures
            </h3>
            <div
              className="spacingSingle spacing"
            />
            <div
              className="container"
            >
              <label
                htmlFor="port-of-departure"
              >
                <span
                  className="labelText"
                >
                  Port of Departure
                </span>
                <div
                  className="iconAndInput"
                >
                  <span
                    className="icon"
                  >
                    <span
                      aria-hidden="true"
                      className="fas fa-ship iconSizeL iconColorBlue"
                    />
                  </span>
                  <input
                    className="textInput"
                    id="port-of-departure"
                    name="portOfDeparture"
                    onChange={[Function]}
                    placeholder="Any"
                    type="text"
                  />
                </div>
              </label>
            </div>
            <div
              className="spacingDouble spacing"
            />
          </div>
        </div>
      </div>
      <div
        className="gridColumn sizeAuto"
      />
    </div>
  </div>
  <footer
    className="footer"
  >
    some footer content
  </footer>
</main>
`;
