// Jest Snapshot v1, https://goo.gl/fbAQLP

exports[`GenericLayout has not changed the JSX layout of the page from previous snapshot 1`] = `
<div
  className="fullPage"
>
  <main>
    <h1
      className="title title1 weightNormal"
    >
      Engineering Survey for wee ones
    </h1>
    <div
      className="mainContent"
    />
  </main>
</div>
`;
