// Jest Snapshot v1, https://goo.gl/fbAQLP

exports[`SelectInput has not changed the JSX layout of the page from previous snapshot 1`] = `
<div
  aria-expanded={false}
  aria-haspopup="listbox"
  className="SelectWrapper-kcrmu9-0 dTbYzS rfs-select-container"
  onKeyDown={[Function]}
  role="combobox"
>
  <div
    className="ControlWrapper-kcrmu9-2 gJDvMS rfs-control-container"
    onMouseDown={[Function]}
    onTouchEnd={[Function]}
  >
    <div
      className="ValueWrapper-kcrmu9-1 dhLphG"
    >
      <div
        className="Placeholder-us7kwl-1 bvkXni"
      >
        Select option..
      </div>
      <input
        aria-autocomplete="list"
        autoCapitalize="none"
        autoComplete="off"
        autoCorrect="off"
        className="Input-sc-4er7q8-1 ksOaCe rfs-autosize-input"
        onBlur={[Function]}
        onFocus={[Function]}
        readOnly={true}
        required={false}
        spellCheck={false}
        style={
          Object {
            "width": 2,
          }
        }
        tabIndex={0}
        type="text"
        value=""
      />
      <div
        className="SizerDiv-sc-4er7q8-0 gXyfYO"
      >
        
      </div>
    </div>
    <div
      className="IndicatorIconsWrapper-sc-1jozl2i-0 bjIdDB"
    >
      <div
        className="Separator-sc-1jozl2i-2 jxcFlm"
        role="none"
      />
      <div
        className="IndicatorIcon-sc-1jozl2i-1 dCYoYI"
      >
        <span
          aria-hidden="true"
          className="fas fa-chevron-down iconSizeL iconColorBlue"
        />
      </div>
    </div>
  </div>
  <div
    className="MenuWrapper-sc-105ivps-0 fWmvZr rfs-menu-container"
    onMouseDown={[Function]}
  >
    <div
      onScroll={[Function]}
      style={
        Object {
          "WebkitOverflowScrolling": "touch",
          "direction": "ltr",
          "height": 0,
          "overflow": "auto",
          "position": "relative",
          "width": "100%",
          "willChange": "transform",
        }
      }
    >
      <div
        style={
          Object {
            "height": 0,
            "pointerEvents": undefined,
            "width": "100%",
          }
        }
      />
    </div>
    <div
      className="NoOptionsMsg-sc-1on2920-0 gbRWmX"
    >
      No options
    </div>
  </div>
</div>
`;
