// Jest Snapshot v1, https://goo.gl/fbAQLP

exports[`FieldError has not changed the JSX layout of the page from previous snapshot 1`] = `
<div
  className="root"
>
  <span
    className="childrenWrapper"
  >
    I am a Child Component
  </span>
  <span
    className="sizeS weightBold textGray errorMessage"
  >
    I am a error message
  </span>
</div>
`;
