// Jest Snapshot v1, https://goo.gl/fbAQLP

exports[`BreadcrumbNav has not changed the JSX layout of the page from previous snapshot 1`] = `
<ul
  className="list listUnstyled"
>
  <li
    className=""
  >
    <a
      className="link"
      href="/"
    >
      <span
        className="sizeS weightNormal textGray"
      >
        home
      </span>
    </a>
  </li>
  <li
    className=""
  >
    <span
      className="sizeS weightNormal textGray divider"
    >
      &gt;
    </span>
    <a
      className="link"
      href="/page1/"
    >
      <span
        className="sizeS weightNormal textGray"
      >
        page1
      </span>
    </a>
  </li>
  <li
    className=""
  >
    <span
      className="sizeS weightNormal textGray divider"
    >
      &gt;
    </span>
    <span
      className="sizeS weightBold textGray"
    >
      current location
    </span>
  </li>
</ul>
`;
